user_custom_id,inferred_user_id,user_snowplow_domain_id,user_snowplow_crossdomain_id,app_id,first_page_url,marketing_medium,marketing_source,marketing_term,marketing_campaign,marketing_content,referer_url,session_start,session_end,session_id,time_engaged_in_s,session_index,first_test_add_col,last_test_add_col
NULL,user_id_2,domain_userid_2,network_userid_2,vandelay,vandelay.com/,social,facebook,abc,campaign_1,def,facebook.com/,2018-01-01 7:00:00,2018-01-01 7:00:02,user_2_session_1,30,1,test_three,test_five
NULL,user_id_3,domain_userid_3,network_userid_3,vandelay,vandelay.com/,NULL,NULL,NULL,NULL,NULL,google.com/,2018-01-01 7:00:00,2018-01-01 7:00:00,user_3_session_1,0,1,test_six,test_six
user_id_1,user_id_1,domain_userid_1,network_userid_1,vandelay,vandelay.com/,NULL,NULL,NULL,NULL,NULL,NULL,2018-01-01 7:00:00,2018-01-01 7:00:05,user_1_session_1,30,1,test_one,test_eight
NULL,domain_userid_4,domain_userid_4,network_userid_4,vandelay,vandelay.com/,NULL,NULL,NULL,NULL,NULL,NULL,2018-01-01 7:00:30,2018-01-01 7:00:30,user_4_session_1,0,1,test_ten,test_ten
user_id_3,user_id_3,domain_userid_3,network_userid_3,vandelay,vandelay.com/,medium,source,term,campaign,content,google.com/,2018-01-01 7:00:40,2018-01-01 7:00:40,user_3_session_2,0,2,test_nine,test_nine
